// Jest Snapshot v1, https://goo.gl/fbAQLP

exports[`Countries snapshot 1`] = `
Object {
  "asFragment": [Function],
  "baseElement": <body>
    <div>
      <div>
        <form>
          <select>
            <option
              value="Africa"
            >
              Africa
            </option>
            <option
              value="Asia"
            >
              Asia
            </option>
            <option
              value="South America"
            >
              South America
            </option>
            <option
              value="North America"
            >
              North America
            </option>
            <option
              value="Europe"
            >
              Europe
            </option>
          </select>
        </form>
        <div
          class="countries"
        />
      </div>
    </div>
  </body>,
  "container": <div>
    <div>
      <form>
        <select>
          <option
            value="Africa"
          >
            Africa
          </option>
          <option
            value="Asia"
          >
            Asia
          </option>
          <option
            value="South America"
          >
            South America
          </option>
          <option
            value="North America"
          >
            North America
          </option>
          <option
            value="Europe"
          >
            Europe
          </option>
        </select>
      </form>
      <div
        class="countries"
      />
    </div>
  </div>,
  "debug": [Function],
  "findAllByAltText": [Function],
  "findAllByDisplayValue": [Function],
  "findAllByLabelText": [Function],
  "findAllByPlaceholderText": [Function],
  "findAllByRole": [Function],
  "findAllByTestId": [Function],
  "findAllByText": [Function],
  "findAllByTitle": [Function],
  "findByAltText": [Function],
  "findByDisplayValue": [Function],
  "findByLabelText": [Function],
  "findByPlaceholderText": [Function],
  "findByRole": [Function],
  "findByTestId": [Function],
  "findByText": [Function],
  "findByTitle": [Function],
  "getAllByAltText": [Function],
  "getAllByDisplayValue": [Function],
  "getAllByLabelText": [Function],
  "getAllByPlaceholderText": [Function],
  "getAllByRole": [Function],
  "getAllByTestId": [Function],
  "getAllByText": [Function],
  "getAllByTitle": [Function],
  "getByAltText": [Function],
  "getByDisplayValue": [Function],
  "getByLabelText": [Function],
  "getByPlaceholderText": [Function],
  "getByRole": [Function],
  "getByTestId": [Function],
  "getByText": [Function],
  "getByTitle": [Function],
  "queryAllByAltText": [Function],
  "queryAllByDisplayValue": [Function],
  "queryAllByLabelText": [Function],
  "queryAllByPlaceholderText": [Function],
  "queryAllByRole": [Function],
  "queryAllByTestId": [Function],
  "queryAllByText": [Function],
  "queryAllByTitle": [Function],
  "queryByAltText": [Function],
  "queryByDisplayValue": [Function],
  "queryByLabelText": [Function],
  "queryByPlaceholderText": [Function],
  "queryByRole": [Function],
  "queryByTestId": [Function],
  "queryByText": [Function],
  "queryByTitle": [Function],
  "rerender": [Function],
  "unmount": [Function],
}
`;
