// Jest Snapshot v1, https://goo.gl/fbAQLP

exports[`Info snapshot 1`] = `
<div>
  gg
</div>
`;
